// Jest Snapshot v1, https://goo.gl/fbAQLP

exports[`Jahia Logo logo 1`] = `<svg />`;
