// Jest Snapshot v1, https://goo.gl/fbAQLP

exports[`Jahia container full app 1`] = `""`;
